00:30:22 [INFO]   Total sources found: 12
00:30:22 [INFO]   Hotel sources (survival_days > 0): 6
00:30:22 [INFO]   Saved to /home/runner/work/iptv-scrape/iptv-scrape/data/multicast_sources_filtered.json
00:30:22 [INFO] [1/6] 117.81.109.73 (c=288, 存活1天)...
00:31:23 [INFO]       -> 288 channels fetched
00:31:23 [INFO]       -> waiting 5.6s before next source...
00:31:29 [INFO] [2/6] 144.255.40.47 (c=284, 存活1天)...
00:32:51 [INFO]       -> 284 channels fetched
00:32:51 [INFO]       -> waiting 8.2s before next source...
00:32:59 [INFO] [3/6] 124.77.179.95 (c=201, 存活1天)...
00:34:10 [INFO]       -> 201 channels fetched
00:34:10 [INFO]       -> waiting 5.9s before next source...
00:34:16 [INFO] [4/6] wmh.wmh.ink (c=332, 存活3天)...
00:35:41 [INFO]       -> 332 channels fetched
00:35:41 [INFO]       -> waiting 7.0s before next source...
00:35:48 [INFO] [5/6] 171.120.239.148 (c=184, 存活3天)...
00:36:59 [INFO]       -> 184 channels fetched
00:36:59 [INFO]       -> waiting 6.6s before next source...
00:37:06 [INFO] [6/6] 120.238.84.45 (c=130, 存活3天)...
00:37:39 [INFO]       -> 182 channels fetched
00:37:39 [INFO] Saving raw results...
00:37:39 [INFO]   Total: 1471 channels from 6 sources
00:37:39 [INFO]   Saved to /home/runner/work/iptv-scrape/iptv-scrape/data/channels_all.json
00:37:39 [INFO] Skipping probe (CI mode)
19:11:47 [INFO]   Total sources found: 12
19:11:47 [INFO]   Hotel sources (survival_days > 0): 5
19:11:47 [INFO]   Saved to /home/runner/work/iptv-scrape/iptv-scrape/data/multicast_sources_filtered.json
19:11:47 [INFO] [1/5] guany.myds.me (c=320, 存活1天)...
19:13:39 [INFO]       -> 320 channels fetched
19:13:39 [INFO]       -> waiting 8.2s before next source...
19:13:47 [INFO] [2/5] tiger81.i234.me (c=304, 存活1天)...
19:15:17 [INFO]       -> 304 channels fetched
19:15:17 [INFO]       -> waiting 8.3s before next source...
19:15:25 [INFO] [3/5] 171.119.206.163 (c=184, 存活1天)...
19:16:42 [INFO]       -> 184 channels fetched
19:16:42 [INFO]       -> waiting 9.4s before next source...
19:16:51 [INFO] [4/5] 144.255.40.47 (c=284, 存活2天)...
19:19:24 [INFO]       -> 0 channels fetched
19:19:24 [INFO]       -> waiting 9.0s before next source...
19:19:33 [INFO] [5/5] 124.77.179.95 (c=201, 存活2天)...
19:21:25 [INFO]       -> 201 channels fetched
19:21:25 [INFO] Saving raw results...
19:21:25 [INFO]   Total: 1009 channels from 5 sources
19:21:25 [INFO]   Saved to /home/runner/work/iptv-scrape/iptv-scrape/data/channels_all.json
19:21:25 [INFO] Skipping probe (CI mode)
19:11:31 [INFO]   Total sources found: 12
19:11:31 [INFO]   Hotel sources (survival_days > 0): 9
19:11:31 [INFO]   Saved to /home/runner/work/iptv-scrape/iptv-scrape/data/multicast_sources_filtered.json
19:11:31 [INFO] [1/9] zyhfm.com (c=207, 存活1天)...
19:12:40 [INFO]       -> 207 channels fetched
19:12:40 [INFO]       -> waiting 6.6s before next source...
19:12:47 [INFO] [2/9] ddns.talesyuan.com (c=155, 存活1天)...
19:13:54 [INFO]       -> 155 channels fetched
19:13:54 [INFO]       -> waiting 8.4s before next source...
19:14:03 [INFO] [3/9] zhgx.app.sccncd.com (c=348, 存活1天)...
19:15:11 [INFO]       -> 348 channels fetched
19:15:11 [INFO]       -> waiting 7.8s before next source...
19:15:19 [INFO] [4/9] jyb7928.host (c=119, 存活1天)...
19:16:22 [INFO]       -> 119 channels fetched
19:16:22 [INFO]       -> waiting 7.1s before next source...
19:16:29 [INFO] [5/9] jellyfin.eversouthhangzhou.com.cn (c=181, 存活1天)...
19:17:38 [INFO]       -> 181 channels fetched
19:17:38 [INFO]       -> waiting 5.7s before next source...
19:17:43 [INFO] [6/9] zjhuct.icu (c=320, 存活1天)...
19:19:02 [INFO]       -> 320 channels fetched
19:19:02 [INFO]       -> waiting 9.4s before next source...
19:19:12 [INFO] [7/9] alist.xicp.fun (c=207, 存活1天)...
19:20:27 [INFO]       -> 207 channels fetched
19:20:27 [INFO]       -> waiting 5.7s before next source...
19:20:33 [INFO] [8/9] www.ct123.online (c=207, 存活1天)...
19:21:58 [INFO]       -> 207 channels fetched
19:21:58 [INFO]       -> waiting 6.3s before next source...
19:22:04 [INFO] [9/9] guany.myds.me (c=320, 存活2天)...
19:23:30 [INFO]       -> 320 channels fetched
19:23:30 [INFO] Saving raw results...
19:23:30 [INFO]   Total: 2064 channels from 9 sources
19:23:30 [INFO]   Saved to /home/runner/work/iptv-scrape/iptv-scrape/data/channels_all.json
19:23:30 [INFO] Skipping probe (CI mode)
19:10:22 [INFO]   Total sources found: 12
19:10:22 [INFO]   Hotel sources (survival_days > 0): 10
19:10:22 [INFO]   Saved to /home/runner/work/iptv-scrape/iptv-scrape/data/multicast_sources_filtered.json
19:10:22 [INFO] [1/10] 115.171.216.14 (c=186, 存活1天)...
19:11:27 [INFO]       -> 186 channels fetched
19:11:27 [INFO]       -> waiting 8.2s before next source...
19:11:36 [INFO] [2/10] 27.10.214.5 (c=167, 存活1天)...
19:13:01 [INFO]       -> 0 channels fetched
19:13:01 [INFO]       -> waiting 7.3s before next source...
19:13:08 [INFO] [3/10] nas.minmiu.cn (c=349, 存活1天)...
19:14:31 [INFO]       -> 349 channels fetched
19:14:31 [INFO]       -> waiting 6.8s before next source...
19:14:38 [INFO] [4/10] zyhfm.com (c=207, 存活2天)...
19:15:56 [INFO]       -> 207 channels fetched
19:15:56 [INFO]       -> waiting 5.6s before next source...
19:16:02 [INFO] [5/10] ddns.talesyuan.com (c=155, 存活2天)...
19:17:17 [INFO]       -> 155 channels fetched
19:17:17 [INFO]       -> waiting 9.5s before next source...
19:17:27 [INFO] [6/10] zhgx.app.sccncd.com (c=348, 存活2天)...
19:18:53 [INFO]       -> 348 channels fetched
19:18:53 [INFO]       -> waiting 9.4s before next source...
19:19:03 [INFO] [7/10] jyb7928.host (c=119, 存活2天)...
19:20:14 [INFO]       -> 119 channels fetched
19:20:14 [INFO]       -> waiting 7.6s before next source...
19:20:21 [INFO] [8/10] jellyfin.eversouthhangzhou.com.cn (c=181, 存活2天)...
19:21:34 [INFO]       -> 181 channels fetched
19:21:34 [INFO]       -> waiting 7.3s before next source...
19:21:42 [INFO] [9/10] zjhuct.icu (c=320, 存活2天)...
19:23:33 [INFO]       -> 320 channels fetched
19:23:33 [INFO]       -> waiting 8.6s before next source...
19:23:41 [INFO] [10/10] alist.xicp.fun (c=207, 存活2天)...
19:25:08 [INFO]       -> 207 channels fetched
19:25:08 [INFO] Saving raw results...
19:25:08 [INFO]   Total: 2072 channels from 10 sources
19:25:08 [INFO]   Saved to /home/runner/work/iptv-scrape/iptv-scrape/data/channels_all.json
19:25:08 [INFO] Skipping probe (CI mode)
19:10:41 [INFO]   Total sources found: 12
19:10:41 [INFO]   Hotel sources (survival_days > 0): 6
19:10:41 [INFO]   Saved to /home/runner/work/iptv-scrape/iptv-scrape/data/multicast_sources_filtered.json
19:10:41 [INFO] [1/6] 219.155.101.174 (c=172, 存活1天)...
19:11:51 [INFO]       -> 172 channels fetched
19:11:51 [INFO]       -> waiting 7.7s before next source...
19:11:59 [INFO] [2/6] 115.171.216.14 (c=186, 存活2天)...
19:13:23 [INFO]       -> 186 channels fetched
19:13:23 [INFO]       -> waiting 7.3s before next source...
19:13:30 [INFO] [3/6] nas.minmiu.cn (c=349, 存活2天)...
19:14:55 [INFO]       -> 349 channels fetched
19:14:55 [INFO]       -> waiting 5.6s before next source...
19:15:01 [INFO] [4/6] zyhfm.com (c=207, 存活3天)...
19:16:25 [INFO]       -> 207 channels fetched
19:16:25 [INFO]       -> waiting 6.1s before next source...
19:16:31 [INFO] [5/6] ddns.talesyuan.com (c=155, 存活3天)...
19:17:50 [INFO]       -> 155 channels fetched
19:17:50 [INFO]       -> waiting 9.3s before next source...
19:17:59 [INFO] [6/6] zhgx.app.sccncd.com (c=348, 存活3天)...
19:19:16 [INFO]       -> 348 channels fetched
19:19:16 [INFO] Saving raw results...
19:19:16 [INFO]   Total: 1417 channels from 6 sources
19:19:16 [INFO]   Saved to /home/runner/work/iptv-scrape/iptv-scrape/data/channels_all.json
19:19:16 [INFO] Skipping probe (CI mode)
05:00:50 [INFO]   Total sources found: 29
05:00:50 [INFO]   Hotel sources (survival_days > 0): 16
05:00:50 [INFO]   Saved to /home/runner/work/iptv-scrape/iptv-scrape/data/multicast_sources_filtered.json
05:00:50 [INFO] [1/16] www.wpfhome.cn (c=313, 存活1天)...
05:01:23 [INFO]       -> 0 channels fetched
05:01:23 [INFO]       -> waiting 9.3s before next source...
05:01:33 [INFO] [2/16] 17782331118.top (c=313, 存活1天)...
05:02:09 [INFO]       -> 0 channels fetched
05:02:09 [INFO]       -> waiting 8.6s before next source...
05:02:17 [INFO] [3/16] 219.155.101.174 (c=172, 存活1天)...
05:02:46 [INFO]       -> 172 channels fetched
05:02:46 [INFO]       -> waiting 6.3s before next source...
05:02:52 [INFO] [4/16] 115.171.216.14 (c=186, 存活2天)...
05:03:19 [INFO]       -> 186 channels fetched
05:03:19 [INFO]       -> waiting 5.5s before next source...
05:03:24 [INFO] [5/16] 60.223.72.132 (c=184, 存活546天)...
05:04:21 [INFO]       -> 0 channels fetched
05:04:21 [INFO]       -> waiting 6.2s before next source...
05:04:27 [INFO] [6/16] ddns.talesyuan.com (c=155, 存活3天)...
05:04:56 [INFO]       -> 155 channels fetched
05:04:56 [INFO]       -> waiting 6.7s before next source...
05:05:03 [INFO] [7/16] 60.223.72.98 (c=184, 存活572天)...
05:06:01 [INFO]       -> 0 channels fetched
05:06:01 [INFO]       -> waiting 5.7s before next source...
05:06:07 [INFO] [8/16] tiger81.i234.me (c=304, 存活4天)...
05:06:36 [INFO]       -> 304 channels fetched
05:06:36 [INFO]       -> waiting 5.5s before next source...
05:06:41 [INFO] [9/16] wmh.wmh.ink (c=332, 存活7天)...
05:07:11 [INFO]       -> 332 channels fetched
05:07:11 [INFO]       -> waiting 6.7s before next source...
05:07:17 [INFO] [10/16] alist.xicp.fun (c=207, 存活4天)...
05:07:46 [INFO]       -> 207 channels fetched
05:07:46 [INFO]       -> waiting 8.7s before next source...
05:07:55 [INFO] [11/16] jellyfin.eversouthhangzhou.com.cn (c=181, 存活4天)...
05:08:25 [INFO]       -> 181 channels fetched
05:08:25 [INFO]       -> waiting 6.6s before next source...
05:08:32 [INFO] [12/16] 120.238.84.45 (c=130, 存活7天)...
05:08:59 [INFO]       -> 182 channels fetched
05:08:59 [INFO]       -> waiting 5.9s before next source...
05:09:05 [INFO] [13/16] 120.55.49.231 (c=320, 存活924天)...
05:09:52 [INFO]       -> 0 channels fetched
05:09:52 [INFO]       -> waiting 7.5s before next source...
05:09:59 [INFO] [14/16] 211.158.154.231 (c=77, 存活531天)...
05:10:48 [INFO]       -> 0 channels fetched
05:10:48 [INFO]       -> waiting 9.2s before next source...
05:10:57 [INFO] [15/16] zhgx.app.sccncd.com (c=348, 存活3天)...
05:11:32 [INFO]       -> 348 channels fetched
05:11:32 [INFO]       -> waiting 7.1s before next source...
05:11:39 [INFO] [16/16] zyhfm.com (c=207, 存活3天)...
05:12:11 [INFO]       -> 207 channels fetched
05:12:11 [INFO] Saving raw results...
05:12:11 [INFO]   Total: 2274 channels from 16 sources
05:12:11 [INFO]   Saved to /home/runner/work/iptv-scrape/iptv-scrape/data/channels_all.json
05:12:11 [INFO] Skipping probe (CI mode)
19:10:30 [INFO]   Total sources found: 27
19:10:30 [INFO]   Hotel sources (survival_days > 0): 12
19:10:30 [INFO]   Saved to /home/runner/work/iptv-scrape/iptv-scrape/data/multicast_sources_filtered.json
19:10:30 [INFO] [1/12] 183.164.55.111 (c=200, 存活1天)...
19:11:16 [INFO]       -> 0 channels fetched
19:11:16 [INFO]       -> waiting 7.1s before next source...
19:11:23 [INFO] [2/12] 60.223.72.35 (c=184, 存活1天)...
19:16:27 [INFO]       -> 1472 channels fetched
19:16:27 [INFO]       -> waiting 5.8s before next source...
19:16:33 [INFO] [3/12] 113.206.48.174 (c=167, 存活1天)...
19:18:34 [INFO]       -> 0 channels fetched
19:18:34 [INFO]       -> waiting 8.7s before next source...
19:18:43 [INFO] [4/12] 139.196.214.238 (c=201, 存活934天)...
19:20:40 [INFO]       -> 0 channels fetched
19:20:40 [INFO]       -> waiting 8.7s before next source...
19:20:48 [INFO] [5/12] 60.223.72.98 (c=184, 存活577天)...
19:22:43 [INFO]       -> 0 channels fetched
19:22:43 [INFO]       -> waiting 8.4s before next source...
19:22:51 [INFO] [6/12] zhgx.app.sccncd.com (c=348, 存活4天)...
19:23:24 [INFO]       -> 348 channels fetched
19:23:24 [INFO]       -> waiting 7.4s before next source...
19:23:32 [INFO] [7/12] tiger81.i234.me (c=304, 存活5天)...
19:25:39 [INFO]       -> 304 channels fetched
19:25:39 [INFO]       -> waiting 6.3s before next source...
19:25:45 [INFO] [8/12] ddns.talesyuan.com (c=155, 存活4天)...
19:26:17 [INFO]       -> 155 channels fetched
19:26:17 [INFO]       -> waiting 6.3s before next source...
19:26:23 [INFO] [9/12] 115.171.216.14 (c=186, 存活3天)...
19:26:55 [INFO]       -> 186 channels fetched
19:26:55 [INFO]       -> waiting 8.8s before next source...
19:27:04 [INFO] [10/12] home.yulei.online (c=184, 存活831天)...
19:27:32 [INFO]       -> 184 channels fetched
19:27:32 [INFO]       -> waiting 5.7s before next source...
19:27:38 [INFO] [11/12] 17782331118.top (c=313, 存活1天)...
19:28:17 [INFO]       -> 0 channels fetched
19:28:17 [INFO]       -> waiting 5.3s before next source...
19:28:22 [INFO] [12/12] www.ct123.online (c=207, 存活4天)...
19:28:53 [INFO]       -> 207 channels fetched
19:28:53 [INFO] Saving raw results...
19:28:53 [INFO]   Total: 2856 channels from 12 sources
19:28:53 [INFO]   Saved to /home/runner/work/iptv-scrape/iptv-scrape/data/channels_all.json
19:28:53 [INFO] Skipping probe (CI mode)
19:10:32 [INFO]   Total sources found: 30
19:10:32 [INFO]   Hotel sources (survival_days > 0): 12
19:10:32 [INFO]   Saved to /home/runner/work/iptv-scrape/iptv-scrape/data/multicast_sources_filtered.json
19:10:32 [INFO] [1/12] 125.116.246.96 (c=320, 存活1天)...
19:11:08 [INFO]       -> 0 channels fetched
19:11:08 [INFO]       -> waiting 6.7s before next source...
19:11:14 [INFO] [2/12] 139.196.214.238 (c=36, 存活592天)...
19:11:40 [INFO]       -> 0 channels fetched
19:11:40 [INFO]       -> waiting 8.3s before next source...
19:11:48 [INFO] [3/12] 27.11.251.110 (c=167, 存活1天)...
19:12:21 [INFO]       -> 167 channels fetched
19:12:21 [INFO]       -> waiting 7.3s before next source...
19:12:29 [INFO] [4/12] 113.206.48.174 (c=167, 存活2天)...
19:13:07 [INFO]       -> 0 channels fetched
19:13:07 [INFO]       -> waiting 7.2s before next source...
19:13:15 [INFO] [5/12] home.yulei.online (c=184, 存活832天)...
19:13:44 [INFO]       -> 184 channels fetched
19:13:44 [INFO]       -> waiting 9.2s before next source...
19:13:53 [INFO] [6/12] 219.155.101.174 (c=172, 存活3天)...
19:14:22 [INFO]       -> 172 channels fetched
19:14:22 [INFO]       -> waiting 6.7s before next source...
19:14:29 [INFO] [7/12] 17782331118.top (c=313, 存活2天)...
19:15:05 [INFO]       -> 313 channels fetched
19:15:05 [INFO]       -> waiting 7.0s before next source...
19:15:12 [INFO] [8/12] 123.157.31.182 (c=181, 存活634天)...
19:15:58 [INFO]       -> 181 channels fetched
19:15:58 [INFO]       -> waiting 8.1s before next source...
19:16:06 [INFO] [9/12] 183.164.55.111 (c=200, 存活2天)...
19:16:44 [INFO]       -> 0 channels fetched
19:16:44 [INFO]       -> waiting 7.2s before next source...
19:16:52 [INFO] [10/12] 60.223.72.217 (c=184, 存活1天)...
19:17:32 [INFO]       -> 0 channels fetched
19:17:32 [INFO]       -> waiting 6.6s before next source...
19:17:38 [INFO] [11/12] 60.223.72.98 (c=184, 存活574天)...
19:18:31 [INFO]       -> 0 channels fetched
19:18:31 [INFO]       -> waiting 8.8s before next source...
19:18:40 [INFO] [12/12] 171.119.206.200 (c=184, 存活1天)...
19:19:13 [INFO]       -> 184 channels fetched
19:19:13 [INFO] Saving raw results...
19:19:13 [INFO]   Total: 1201 channels from 12 sources
19:19:13 [INFO]   Saved to /home/runner/work/iptv-scrape/iptv-scrape/data/channels_all.json
19:19:13 [INFO] Skipping probe (CI mode)
19:22:55 [INFO]   Total sources found: 16
19:22:55 [INFO]   Hotel sources (survival_days > 0): 12
19:22:55 [INFO]   Saved to /home/runner/work/iptv-scrape/iptv-scrape/data/multicast_sources_filtered.json
19:22:55 [INFO] [1/12] 121.19.134.113 (c=62, 存活2天)...
19:23:34 [INFO]       -> 62 channels fetched
19:23:34 [INFO]       -> waiting 7.3s before next source...
19:23:41 [INFO] [2/12] 60.223.72.98 (c=184, 存活575天)...
19:27:12 [INFO]       -> 0 channels fetched
19:27:12 [INFO]       -> waiting 6.6s before next source...
19:27:19 [INFO] [3/12] 171.119.206.200 (c=184, 存活2天)...
19:29:20 [INFO]       -> 184 channels fetched
19:29:20 [INFO]       -> waiting 6.4s before next source...
19:29:26 [INFO] [4/12] 123.157.31.182 (c=181, 存活635天)...
19:31:21 [INFO]       -> 181 channels fetched
19:31:21 [INFO]       -> waiting 7.8s before next source...
19:31:29 [INFO] [5/12] 211.158.154.231 (c=77, 存活533天)...
19:33:27 [INFO]       -> 0 channels fetched
19:33:27 [INFO]       -> waiting 5.5s before next source...
19:33:33 [INFO] [6/12] home.yulei.online (c=184, 存活833天)...
19:34:07 [INFO]       -> 184 channels fetched
19:34:07 [INFO]       -> waiting 5.1s before next source...
19:34:12 [INFO] [7/12] 120.55.49.231 (c=320, 存活926天)...
19:36:06 [INFO]       -> 0 channels fetched
19:36:06 [INFO]       -> waiting 8.0s before next source...
19:36:14 [INFO] [8/12] 60.223.72.170 (c=184, 存活2天)...
19:36:47 [INFO]       -> 184 channels fetched
19:36:47 [INFO]       -> waiting 8.4s before next source...
19:36:56 [INFO] [9/12] 60.223.72.97 (c=184, 存活523天)...
19:40:19 [INFO]       -> 0 channels fetched
19:40:19 [INFO]       -> waiting 8.6s before next source...
19:40:28 [INFO] [10/12] 125.116.246.96 (c=320, 存活2天)...
19:41:02 [INFO]       -> 320 channels fetched
19:41:02 [INFO]       -> waiting 5.4s before next source...
19:41:07 [INFO] [11/12] 27.10.209.169 (c=167, 存活2天)...
19:41:34 [INFO]       -> 167 channels fetched
19:41:34 [INFO]       -> waiting 5.3s before next source...
19:41:39 [INFO] [12/12] 113.205.161.234 (c=167, 存活1天)...
19:42:15 [INFO]       -> 0 channels fetched
19:42:15 [INFO] Saving raw results...
19:42:15 [INFO]   Total: 1282 channels from 12 sources
19:42:15 [INFO]   Saved to /home/runner/work/iptv-scrape/iptv-scrape/data/channels_all.json
19:42:15 [INFO] Skipping probe (CI mode)
19:11:21 [INFO]   Total sources found: 29
19:11:21 [INFO]   Hotel sources (survival_days > 0): 18
19:11:21 [INFO]   Saved to /home/runner/work/iptv-scrape/iptv-scrape/data/multicast_sources_filtered.json
19:11:21 [INFO] [1/18] 223.242.146.29 (c=200, 存活1天)...
19:11:48 [INFO]       -> 200 channels fetched
19:11:48 [INFO]       -> waiting 8.4s before next source...
19:11:56 [INFO] [2/18] 113.238.174.223 (c=133, 存活1天)...
19:12:29 [INFO]       -> 133 channels fetched
19:12:29 [INFO]       -> waiting 8.9s before next source...
19:12:38 [INFO] [3/18] 116.116.118.132 (c=173, 存活1天)...
19:13:09 [INFO]       -> 173 channels fetched
19:13:09 [INFO]       -> waiting 9.3s before next source...
19:13:18 [INFO] [4/18] 61.145.188.90 (c=332, 存活1天)...
19:13:51 [INFO]       -> 0 channels fetched
19:13:51 [INFO]       -> waiting 8.4s before next source...
19:13:59 [INFO] [5/18] lg.868048.xyz (c=309, 存活1天)...
19:14:34 [INFO]       -> 0 channels fetched
19:14:34 [INFO]       -> waiting 8.4s before next source...
19:14:42 [INFO] [6/18] 120.55.49.231 (c=320, 存活927天)...
19:15:32 [INFO]       -> 0 channels fetched
19:15:32 [INFO]       -> waiting 7.1s before next source...
19:15:39 [INFO] [7/18] 116.167.145.116 (c=178, 存活2天)...
19:16:09 [INFO]       -> 178 channels fetched
19:16:09 [INFO]       -> waiting 6.2s before next source...
19:16:15 [INFO] [8/18] 118.119.218.87 (c=349, 存活2天)...
19:16:58 [INFO]       -> 0 channels fetched
19:16:58 [INFO]       -> waiting 9.6s before next source...
19:17:07 [INFO] [9/18] 106.120.39.94 (c=186, 存活2天)...
19:17:41 [INFO]       -> 186 channels fetched
19:17:41 [INFO]       -> waiting 6.6s before next source...
19:17:48 [INFO] [10/18] 211.158.154.231 (c=77, 存活534天)...
19:18:19 [INFO]       -> 0 channels fetched
19:18:19 [INFO]       -> waiting 10.0s before next source...
19:18:29 [INFO] [11/18] 60.223.72.98 (c=184, 存活576天)...
19:19:23 [INFO]       -> 0 channels fetched
19:19:23 [INFO]       -> waiting 8.6s before next source...
19:19:31 [INFO] [12/18] 116.179.114.181 (c=184, 存活2天)...
19:20:12 [INFO]       -> 0 channels fetched
19:20:12 [INFO]       -> waiting 8.4s before next source...
19:20:20 [INFO] [13/18] 120.234.187.66 (c=130, 存活2天)...
19:20:53 [INFO]       -> 130 channels fetched
19:20:53 [INFO]       -> waiting 7.3s before next source...
19:21:00 [INFO] [14/18] 60.223.72.132 (c=184, 存活549天)...
19:21:56 [INFO]       -> 0 channels fetched
19:21:56 [INFO]       -> waiting 8.1s before next source...
19:22:04 [INFO] [15/18] 139.196.214.238 (c=201, 存活937天)...
19:22:29 [INFO]       -> 0 channels fetched
19:22:29 [INFO]       -> waiting 5.4s before next source...
19:22:34 [INFO] [16/18] 60.223.72.97 (c=184, 存活524天)...
19:23:25 [INFO]       -> 0 channels fetched
19:23:25 [INFO]       -> waiting 5.9s before next source...
19:23:31 [INFO] [17/18] 183.189.187.80 (c=184, 存活1天)...
19:23:57 [INFO]       -> 184 channels fetched
19:23:57 [INFO]       -> waiting 7.6s before next source...
19:24:05 [INFO] [18/18] 113.205.161.234 (c=167, 存活2天)...
19:24:38 [INFO]       -> 167 channels fetched
19:24:38 [INFO] Saving raw results...
19:24:38 [INFO]   Total: 1351 channels from 18 sources
19:24:38 [INFO]   Saved to /home/runner/work/iptv-scrape/iptv-scrape/data/channels_all.json
19:24:38 [INFO] Skipping probe (CI mode)
